<?xml version="1.0"?>
<link_info>
   <banner>MSP430 Linker PC v16.9.6.LTS</banner>
   <copyright>Copyright (c) 2003-2017 Texas Instruments Incorporated</copyright>
   <link_time>0x5a939099</link_time>
   <link_errors>0x0</link_errors>
   <output_file>SPITest.out</output_file>
   <entry_point>
      <name>_c_int00_noargs_noexit</name>
      <address>0x94d6</address>
   </entry_point>
   <input_file_list>
      <input_file id="fl-2">
         <path>.\</path>
         <kind>object</kind>
         <file>enc28j60.obj</file>
         <name>enc28j60.obj</name>
      </input_file>
      <input_file id="fl-3">
         <path>.\</path>
         <kind>object</kind>
         <file>ipstack.obj</file>
         <name>ipstack.obj</name>
      </input_file>
      <input_file id="fl-4">
         <path>.\</path>
         <kind>object</kind>
         <file>main.obj</file>
         <name>main.obj</name>
      </input_file>
      <input_file id="fl-5">
         <path>.\</path>
         <kind>object</kind>
         <file>spi.obj</file>
         <name>spi.obj</name>
      </input_file>
      <input_file id="fl-a">
         <kind>object</kind>
         <file>&lt;internal&gt;</file>
         <name>&lt;internal&gt;</name>
      </input_file>
      <input_file id="fl-20">
         <path>C:\ti\ccsv7\tools\compiler\ti-cgt-msp430_16.9.6.LTS\lib\</path>
         <kind>archive</kind>
         <file>rts430_eabi.lib</file>
         <name>boot.obj</name>
      </input_file>
      <input_file id="fl-21">
         <path>C:\ti\ccsv7\tools\compiler\ti-cgt-msp430_16.9.6.LTS\lib\</path>
         <kind>archive</kind>
         <file>rts430_eabi.lib</file>
         <name>boot_special.obj</name>
      </input_file>
      <input_file id="fl-22">
         <path>C:\ti\ccsv7\tools\compiler\ti-cgt-msp430_16.9.6.LTS\lib\</path>
         <kind>archive</kind>
         <file>rts430_eabi.lib</file>
         <name>copy_decompress_lzss.obj</name>
      </input_file>
      <input_file id="fl-23">
         <path>C:\ti\ccsv7\tools\compiler\ti-cgt-msp430_16.9.6.LTS\lib\</path>
         <kind>archive</kind>
         <file>rts430_eabi.lib</file>
         <name>copy_decompress_none.obj</name>
      </input_file>
      <input_file id="fl-24">
         <path>C:\ti\ccsv7\tools\compiler\ti-cgt-msp430_16.9.6.LTS\lib\</path>
         <kind>archive</kind>
         <file>rts430_eabi.lib</file>
         <name>copy_zero_init.obj</name>
      </input_file>
      <input_file id="fl-25">
         <path>C:\ti\ccsv7\tools\compiler\ti-cgt-msp430_16.9.6.LTS\lib\</path>
         <kind>archive</kind>
         <file>rts430_eabi.lib</file>
         <name>epilog.obj</name>
      </input_file>
      <input_file id="fl-26">
         <path>C:\ti\ccsv7\tools\compiler\ti-cgt-msp430_16.9.6.LTS\lib\</path>
         <kind>archive</kind>
         <file>rts430_eabi.lib</file>
         <name>exit.obj</name>
      </input_file>
      <input_file id="fl-27">
         <path>C:\ti\ccsv7\tools\compiler\ti-cgt-msp430_16.9.6.LTS\lib\</path>
         <kind>archive</kind>
         <file>rts430_eabi.lib</file>
         <name>exit_gvars.obj</name>
      </input_file>
      <input_file id="fl-28">
         <path>C:\ti\ccsv7\tools\compiler\ti-cgt-msp430_16.9.6.LTS\lib\</path>
         <kind>archive</kind>
         <file>rts430_eabi.lib</file>
         <name>int02.obj</name>
      </input_file>
      <input_file id="fl-29">
         <path>C:\ti\ccsv7\tools\compiler\ti-cgt-msp430_16.9.6.LTS\lib\</path>
         <kind>archive</kind>
         <file>rts430_eabi.lib</file>
         <name>int03.obj</name>
      </input_file>
      <input_file id="fl-2a">
         <path>C:\ti\ccsv7\tools\compiler\ti-cgt-msp430_16.9.6.LTS\lib\</path>
         <kind>archive</kind>
         <file>rts430_eabi.lib</file>
         <name>int05.obj</name>
      </input_file>
      <input_file id="fl-2b">
         <path>C:\ti\ccsv7\tools\compiler\ti-cgt-msp430_16.9.6.LTS\lib\</path>
         <kind>archive</kind>
         <file>rts430_eabi.lib</file>
         <name>int06.obj</name>
      </input_file>
      <input_file id="fl-2c">
         <path>C:\ti\ccsv7\tools\compiler\ti-cgt-msp430_16.9.6.LTS\lib\</path>
         <kind>archive</kind>
         <file>rts430_eabi.lib</file>
         <name>int07.obj</name>
      </input_file>
      <input_file id="fl-2d">
         <path>C:\ti\ccsv7\tools\compiler\ti-cgt-msp430_16.9.6.LTS\lib\</path>
         <kind>archive</kind>
         <file>rts430_eabi.lib</file>
         <name>int08.obj</name>
      </input_file>
      <input_file id="fl-2e">
         <path>C:\ti\ccsv7\tools\compiler\ti-cgt-msp430_16.9.6.LTS\lib\</path>
         <kind>archive</kind>
         <file>rts430_eabi.lib</file>
         <name>int09.obj</name>
      </input_file>
      <input_file id="fl-2f">
         <path>C:\ti\ccsv7\tools\compiler\ti-cgt-msp430_16.9.6.LTS\lib\</path>
         <kind>archive</kind>
         <file>rts430_eabi.lib</file>
         <name>int10.obj</name>
      </input_file>
      <input_file id="fl-30">
         <path>C:\ti\ccsv7\tools\compiler\ti-cgt-msp430_16.9.6.LTS\lib\</path>
         <kind>archive</kind>
         <file>rts430_eabi.lib</file>
         <name>int12.obj</name>
      </input_file>
      <input_file id="fl-31">
         <path>C:\ti\ccsv7\tools\compiler\ti-cgt-msp430_16.9.6.LTS\lib\</path>
         <kind>archive</kind>
         <file>rts430_eabi.lib</file>
         <name>int13.obj</name>
      </input_file>
      <input_file id="fl-32">
         <path>C:\ti\ccsv7\tools\compiler\ti-cgt-msp430_16.9.6.LTS\lib\</path>
         <kind>archive</kind>
         <file>rts430_eabi.lib</file>
         <name>int14.obj</name>
      </input_file>
      <input_file id="fl-33">
         <path>C:\ti\ccsv7\tools\compiler\ti-cgt-msp430_16.9.6.LTS\lib\</path>
         <kind>archive</kind>
         <file>rts430_eabi.lib</file>
         <name>isr_trap.obj</name>
      </input_file>
      <input_file id="fl-34">
         <path>C:\ti\ccsv7\tools\compiler\ti-cgt-msp430_16.9.6.LTS\lib\</path>
         <kind>archive</kind>
         <file>rts430_eabi.lib</file>
         <name>lsl16.obj</name>
      </input_file>
      <input_file id="fl-35">
         <path>C:\ti\ccsv7\tools\compiler\ti-cgt-msp430_16.9.6.LTS\lib\</path>
         <kind>archive</kind>
         <file>rts430_eabi.lib</file>
         <name>lsr16.obj</name>
      </input_file>
      <input_file id="fl-36">
         <path>C:\ti\ccsv7\tools\compiler\ti-cgt-msp430_16.9.6.LTS\lib\</path>
         <kind>archive</kind>
         <file>rts430_eabi.lib</file>
         <name>memcmp.obj</name>
      </input_file>
      <input_file id="fl-37">
         <path>C:\ti\ccsv7\tools\compiler\ti-cgt-msp430_16.9.6.LTS\lib\</path>
         <kind>archive</kind>
         <file>rts430_eabi.lib</file>
         <name>memcpy.obj</name>
      </input_file>
      <input_file id="fl-38">
         <path>C:\ti\ccsv7\tools\compiler\ti-cgt-msp430_16.9.6.LTS\lib\</path>
         <kind>archive</kind>
         <file>rts430_eabi.lib</file>
         <name>memset.obj</name>
      </input_file>
      <input_file id="fl-39">
         <path>C:\ti\ccsv7\tools\compiler\ti-cgt-msp430_16.9.6.LTS\lib\</path>
         <kind>archive</kind>
         <file>rts430_eabi.lib</file>
         <name>mpu_init.obj</name>
      </input_file>
      <input_file id="fl-3a">
         <path>C:\ti\ccsv7\tools\compiler\ti-cgt-msp430_16.9.6.LTS\lib\</path>
         <kind>archive</kind>
         <file>rts430_eabi.lib</file>
         <name>pre_init.obj</name>
      </input_file>
      <input_file id="fl-3b">
         <path>C:\ti\ccsv7\tools\compiler\ti-cgt-msp430_16.9.6.LTS\lib\</path>
         <kind>archive</kind>
         <file>rts430_eabi.lib</file>
         <name>strlen.obj</name>
      </input_file>
      <input_file id="fl-3c">
         <path>C:\ti\ccsv7\tools\compiler\ti-cgt-msp430_16.9.6.LTS\lib\</path>
         <kind>archive</kind>
         <file>rts430_eabi.lib</file>
         <name>_lock.obj</name>
      </input_file>
      <input_file id="fl-3d">
         <path>C:\ti\ccsv7\tools\compiler\ti-cgt-msp430_16.9.6.LTS\lib\</path>
         <kind>archive</kind>
         <file>rts430_eabi.lib</file>
         <name>args_main.obj</name>
      </input_file>
      <input_file id="fl-3e">
         <path>C:\ti\ccsv7\tools\compiler\ti-cgt-msp430_16.9.6.LTS\lib\</path>
         <kind>archive</kind>
         <file>rts430_eabi.lib</file>
         <name>autoinit.obj</name>
      </input_file>
      <input_file id="fl-3f">
         <path>C:\ti\ccsv7\tools\compiler\ti-cgt-msp430_16.9.6.LTS\lib\</path>
         <kind>archive</kind>
         <file>rts430_eabi.lib</file>
         <name>cpy_tbl.obj</name>
      </input_file>
      <input_file id="fl-40">
         <path>C:\ti\ccsv7\tools\compiler\ti-cgt-msp430_16.9.6.LTS\lib\</path>
         <kind>archive</kind>
         <file>rts430_eabi.lib</file>
         <name>mult16.obj</name>
      </input_file>
      <input_file id="fl-41">
         <path>C:\ti\ccsv7\tools\compiler\ti-cgt-msp430_16.9.6.LTS\lib\</path>
         <kind>archive</kind>
         <file>rts430_eabi.lib</file>
         <name>startup.obj</name>
      </input_file>
   </input_file_list>
   <object_component_list>
      <object_component id="oc-2aa">
         <name>.common:TxStatus</name>
         <uninitialized>true</uninitialized>
         <run_address>0x220</run_address>
         <size>0x8</size>
      </object_component>
      <object_component id="oc-286">
         <name>.common:ptrRxStatus</name>
         <uninitialized>true</uninitialized>
         <run_address>0x228</run_address>
         <size>0x6</size>
      </object_component>
      <object_component id="oc-285">
         <name>.data</name>
         <load_address>0x21e</load_address>
         <run_address>0x21e</run_address>
         <size>0x2</size>
         <input_file_ref idref="fl-2"/>
      </object_component>
      <object_component id="oc-204">
         <name>.data:routerMAC</name>
         <load_address>0x208</load_address>
         <run_address>0x208</run_address>
         <size>0x6</size>
         <input_file_ref idref="fl-3"/>
      </object_component>
      <object_component id="oc-1ec">
         <name>.data:deviceIP</name>
         <load_address>0x20e</load_address>
         <run_address>0x20e</run_address>
         <size>0x4</size>
         <input_file_ref idref="fl-3"/>
      </object_component>
      <object_component id="oc-201">
         <name>.data:routerIP</name>
         <load_address>0x216</load_address>
         <run_address>0x216</run_address>
         <size>0x4</size>
         <input_file_ref idref="fl-3"/>
      </object_component>
      <object_component id="oc-219">
         <name>.data:serverIP</name>
         <load_address>0x21a</load_address>
         <run_address>0x21a</run_address>
         <size>0x4</size>
         <input_file_ref idref="fl-3"/>
      </object_component>
      <object_component id="oc-19c">
         <name>.data</name>
         <load_address>0x212</load_address>
         <run_address>0x212</run_address>
         <size>0x4</size>
         <input_file_ref idref="fl-4"/>
      </object_component>
      <object_component id="oc-19f">
         <name>.data:reply</name>
         <load_address>0x200</load_address>
         <run_address>0x200</run_address>
         <size>0x8</size>
         <input_file_ref idref="fl-4"/>
      </object_component>
      <object_component id="oc-ec">
         <name>.stack</name>
         <uninitialized>true</uninitialized>
         <run_address>0x5b0</run_address>
         <size>0x2</size>
         <input_file_ref idref="fl-20"/>
      </object_component>
      <object_component id="oc-32a">
         <name>.stack</name>
         <uninitialized>true</uninitialized>
         <run_address>0x5b0</run_address>
         <size>0x0</size>
      </object_component>
      <object_component id="oc-1a2">
         <name>.text:IPstackHTMLPost</name>
         <load_address>0x8000</load_address>
         <run_address>0x8000</run_address>
         <size>0x472</size>
         <input_file_ref idref="fl-3"/>
      </object_component>
      <object_component id="oc-237">
         <name>.text:ackTcp</name>
         <load_address>0x8472</load_address>
         <run_address>0x8472</run_address>
         <size>0x200</size>
         <input_file_ref idref="fl-3"/>
      </object_component>
      <object_component id="oc-1e6">
         <name>.text:initMAC</name>
         <load_address>0x8672</load_address>
         <run_address>0x8672</run_address>
         <size>0x178</size>
         <input_file_ref idref="fl-2"/>
      </object_component>
      <object_component id="oc-22b">
         <name>.text:MACWrite</name>
         <load_address>0x87ea</load_address>
         <run_address>0x87ea</run_address>
         <size>0x146</size>
         <input_file_ref idref="fl-2"/>
      </object_component>
      <object_component id="oc-21c">
         <name>.text:SetupBasicIPPacket</name>
         <load_address>0x8930</load_address>
         <run_address>0x8930</run_address>
         <size>0x10a</size>
         <input_file_ref idref="fl-3"/>
      </object_component>
      <object_component id="oc-196">
         <name>.text:IPstackInit</name>
         <load_address>0x8a3a</load_address>
         <run_address>0x8a3a</run_address>
         <size>0xfc</size>
         <input_file_ref idref="fl-3"/>
      </object_component>
      <object_component id="oc-1f5">
         <name>.text:MACRead</name>
         <load_address>0x8b36</load_address>
         <run_address>0x8b36</run_address>
         <size>0xe6</size>
         <input_file_ref idref="fl-2"/>
      </object_component>
      <object_component id="oc-1ef">
         <name>.text:SendArpPacket</name>
         <load_address>0x8c1c</load_address>
         <run_address>0x8c1c</run_address>
         <size>0xda</size>
         <input_file_ref idref="fl-3"/>
      </object_component>
      <object_component id="oc-2b2">
         <name>.text:PingReply</name>
         <load_address>0x8cf6</load_address>
         <run_address>0x8cf6</run_address>
         <size>0xd6</size>
         <input_file_ref idref="fl-3"/>
      </object_component>
      <object_component id="oc-231">
         <name>.text:GetPacket</name>
         <load_address>0x8dcc</load_address>
         <run_address>0x8dcc</run_address>
         <size>0xc0</size>
         <input_file_ref idref="fl-3"/>
      </object_component>
      <object_component id="oc-2ac">
         <name>.text:ReplyArpPacket</name>
         <load_address>0x8e8c</load_address>
         <run_address>0x8e8c</run_address>
         <size>0xa6</size>
         <input_file_ref idref="fl-3"/>
      </object_component>
      <object_component id="oc-225">
         <name>.text:chksum</name>
         <load_address>0x8f32</load_address>
         <run_address>0x8f32</run_address>
         <size>0x86</size>
         <input_file_ref idref="fl-3"/>
      </object_component>
      <object_component id="oc-32">
         <name>.text:decompress:lzss:__TI_decompress_lzss</name>
         <load_address>0x8fb8</load_address>
         <run_address>0x8fb8</run_address>
         <size>0x7c</size>
         <input_file_ref idref="fl-22"/>
      </object_component>
      <object_component id="oc-129">
         <name>.text:_auto_init</name>
         <load_address>0x9034</load_address>
         <run_address>0x9034</run_address>
         <size>0x6e</size>
         <input_file_ref idref="fl-3e"/>
      </object_component>
      <object_component id="oc-2b9">
         <name>.text:add32</name>
         <load_address>0x90a2</load_address>
         <run_address>0x90a2</run_address>
         <size>0x6a</size>
         <input_file_ref idref="fl-3"/>
      </object_component>
      <object_component id="oc-174">
         <name>.text:copy_in</name>
         <load_address>0x910c</load_address>
         <run_address>0x910c</run_address>
         <size>0x5a</size>
         <input_file_ref idref="fl-3f"/>
      </object_component>
      <object_component id="oc-2cd">
         <name>.text:SPIRead</name>
         <load_address>0x9166</load_address>
         <run_address>0x9166</run_address>
         <size>0x4e</size>
         <input_file_ref idref="fl-5"/>
      </object_component>
      <object_component id="oc-f5">
         <name>.text</name>
         <load_address>0x91b4</load_address>
         <run_address>0x91b4</run_address>
         <size>0x4c</size>
         <input_file_ref idref="fl-35"/>
      </object_component>
      <object_component id="oc-2c5">
         <name>.text:SPIWrite</name>
         <load_address>0x9200</load_address>
         <run_address>0x9200</run_address>
         <size>0x4a</size>
         <input_file_ref idref="fl-5"/>
      </object_component>
      <object_component id="oc-279">
         <name>.text:WritePhyReg</name>
         <load_address>0x924a</load_address>
         <run_address>0x924a</run_address>
         <size>0x44</size>
         <input_file_ref idref="fl-2"/>
      </object_component>
      <object_component id="oc-2a4">
         <name>.text:ClrBitField</name>
         <load_address>0x928e</load_address>
         <run_address>0x928e</run_address>
         <size>0x3c</size>
         <input_file_ref idref="fl-2"/>
      </object_component>
      <object_component id="oc-273">
         <name>.text:SetBitField</name>
         <load_address>0x92ca</load_address>
         <run_address>0x92ca</run_address>
         <size>0x3c</size>
         <input_file_ref idref="fl-2"/>
      </object_component>
      <object_component id="oc-26d">
         <name>.text:WriteCtrReg</name>
         <load_address>0x9306</load_address>
         <run_address>0x9306</run_address>
         <size>0x3c</size>
         <input_file_ref idref="fl-2"/>
      </object_component>
      <object_component id="oc-287">
         <name>.text:ReadMacBuffer</name>
         <load_address>0x9342</load_address>
         <run_address>0x9342</run_address>
         <size>0x3a</size>
         <input_file_ref idref="fl-2"/>
      </object_component>
      <object_component id="oc-29e">
         <name>.text:WriteMacBuffer</name>
         <load_address>0x937c</load_address>
         <run_address>0x937c</run_address>
         <size>0x3a</size>
         <input_file_ref idref="fl-2"/>
      </object_component>
      <object_component id="oc-267">
         <name>.text:ReadETHReg</name>
         <load_address>0x93b6</load_address>
         <run_address>0x93b6</run_address>
         <size>0x34</size>
         <input_file_ref idref="fl-2"/>
      </object_component>
      <object_component id="oc-255">
         <name>.text:initSPI</name>
         <load_address>0x93ea</load_address>
         <run_address>0x93ea</run_address>
         <size>0x32</size>
         <input_file_ref idref="fl-5"/>
      </object_component>
      <object_component id="oc-f0">
         <name>.text</name>
         <load_address>0x941c</load_address>
         <run_address>0x941c</run_address>
         <size>0x2c</size>
         <input_file_ref idref="fl-34"/>
      </object_component>
      <object_component id="oc-261">
         <name>.text:BankSel</name>
         <load_address>0x9448</load_address>
         <run_address>0x9448</run_address>
         <size>0x26</size>
         <input_file_ref idref="fl-2"/>
      </object_component>
      <object_component id="oc-25b">
         <name>.text:ResetMac</name>
         <load_address>0x946e</load_address>
         <run_address>0x946e</run_address>
         <size>0x26</size>
         <input_file_ref idref="fl-2"/>
      </object_component>
      <object_component id="oc-1fb">
         <name>.text:memcmp</name>
         <load_address>0x9494</load_address>
         <run_address>0x9494</run_address>
         <size>0x22</size>
         <input_file_ref idref="fl-36"/>
      </object_component>
      <object_component id="oc-143">
         <name>.text:main</name>
         <load_address>0x94b6</load_address>
         <run_address>0x94b6</run_address>
         <size>0x20</size>
         <input_file_ref idref="fl-4"/>
      </object_component>
      <object_component id="oc-67">
         <name>.text:_c_int00_noargs_noexit</name>
         <load_address>0x94d6</load_address>
         <run_address>0x94d6</run_address>
         <size>0x1a</size>
         <input_file_ref idref="fl-21"/>
      </object_component>
      <object_component id="oc-1a8">
         <name>.text:IPstackIdle</name>
         <load_address>0x94f0</load_address>
         <run_address>0x94f0</run_address>
         <size>0x14</size>
         <input_file_ref idref="fl-3"/>
      </object_component>
      <object_component id="oc-49">
         <name>.text:decompress:ZI:__TI_zero_init</name>
         <load_address>0x9504</load_address>
         <run_address>0x9504</run_address>
         <size>0x14</size>
         <input_file_ref idref="fl-24"/>
      </object_component>
      <object_component id="oc-213">
         <name>.text:memset</name>
         <load_address>0x9518</load_address>
         <run_address>0x9518</run_address>
         <size>0x14</size>
         <input_file_ref idref="fl-38"/>
      </object_component>
      <object_component id="oc-1b4">
         <name>.text</name>
         <load_address>0x952c</load_address>
         <run_address>0x952c</run_address>
         <size>0x14</size>
         <input_file_ref idref="fl-40"/>
      </object_component>
      <object_component id="oc-38">
         <name>.text:decompress:none:__TI_decompress_none</name>
         <load_address>0x9540</load_address>
         <run_address>0x9540</run_address>
         <size>0x12</size>
         <input_file_ref idref="fl-23"/>
      </object_component>
      <object_component id="oc-10a">
         <name>.text:memcpy</name>
         <load_address>0x9552</load_address>
         <run_address>0x9552</run_address>
         <size>0x12</size>
         <input_file_ref idref="fl-37"/>
      </object_component>
      <object_component id="oc-fa">
         <name>.text</name>
         <load_address>0x9564</load_address>
         <run_address>0x9564</run_address>
         <size>0x10</size>
         <input_file_ref idref="fl-25"/>
      </object_component>
      <object_component id="oc-23d">
         <name>.text:strlen</name>
         <load_address>0x9574</load_address>
         <run_address>0x9574</run_address>
         <size>0xe</size>
         <input_file_ref idref="fl-3b"/>
      </object_component>
      <object_component id="oc-117">
         <name>.text:_isr:__TI_ISR_TRAP</name>
         <load_address>0x9582</load_address>
         <run_address>0x9582</run_address>
         <size>0x8</size>
         <input_file_ref idref="fl-33"/>
      </object_component>
      <object_component id="oc-14b">
         <name>.text:abort</name>
         <load_address>0x958a</load_address>
         <run_address>0x958a</run_address>
         <size>0x6</size>
         <input_file_ref idref="fl-26"/>
      </object_component>
      <object_component id="oc-123">
         <name>.text:_system_pre_init</name>
         <load_address>0x9590</load_address>
         <run_address>0x9590</run_address>
         <size>0x4</size>
         <input_file_ref idref="fl-3a"/>
      </object_component>
      <object_component id="oc-17a">
         <name>.text:_system_post_cinit</name>
         <load_address>0x9594</load_address>
         <run_address>0x9594</run_address>
         <size>0x2</size>
         <input_file_ref idref="fl-41"/>
      </object_component>
      <object_component id="oc-329">
         <name>.cinit..data.load</name>
         <load_address>0x95e0</load_address>
         <run_address>0x95e0</run_address>
         <size>0x24</size>
      </object_component>
      <object_component id="oc-326">
         <name>__TI_handler_table</name>
         <load_address>0x9604</load_address>
         <run_address>0x9604</run_address>
         <size>0x6</size>
      </object_component>
      <object_component id="oc-328">
         <name>.cinit..bss.load</name>
         <load_address>0x960a</load_address>
         <run_address>0x960a</run_address>
         <size>0x4</size>
      </object_component>
      <object_component id="oc-327">
         <name>__TI_cinit_table</name>
         <load_address>0x960e</load_address>
         <run_address>0x960e</run_address>
         <size>0x8</size>
      </object_component>
      <object_component id="oc-20d">
         <name>.const:.string</name>
         <load_address>0x9596</load_address>
         <run_address>0x9596</run_address>
         <size>0x3c</size>
         <input_file_ref idref="fl-4"/>
      </object_component>
      <object_component id="oc-222">
         <name>.const:.string:$P$T0$1</name>
         <load_address>0x95d2</load_address>
         <run_address>0x95d2</run_address>
         <size>0x8</size>
         <input_file_ref idref="fl-3"/>
      </object_component>
      <object_component id="oc-1e3">
         <name>.const:.string:deviceMAC</name>
         <load_address>0x95da</load_address>
         <run_address>0x95da</run_address>
         <size>0x6</size>
         <input_file_ref idref="fl-3"/>
      </object_component>
      <object_component id="oc-2f0">
         <name>.binit</name>
         <load_address>0x8000</load_address>
         <run_address>0x8000</run_address>
         <size>0x0</size>
      </object_component>
      <object_component id="oc-3e">
         <name>.int02</name>
         <load_address>0xffe4</load_address>
         <run_address>0xffe4</run_address>
         <size>0x2</size>
         <input_file_ref idref="fl-28"/>
      </object_component>
      <object_component id="oc-3f">
         <name>.int03</name>
         <load_address>0xffe6</load_address>
         <run_address>0xffe6</run_address>
         <size>0x2</size>
         <input_file_ref idref="fl-29"/>
      </object_component>
      <object_component id="oc-40">
         <name>.int05</name>
         <load_address>0xffea</load_address>
         <run_address>0xffea</run_address>
         <size>0x2</size>
         <input_file_ref idref="fl-2a"/>
      </object_component>
      <object_component id="oc-41">
         <name>.int06</name>
         <load_address>0xffec</load_address>
         <run_address>0xffec</run_address>
         <size>0x2</size>
         <input_file_ref idref="fl-2b"/>
      </object_component>
      <object_component id="oc-42">
         <name>.int07</name>
         <load_address>0xffee</load_address>
         <run_address>0xffee</run_address>
         <size>0x2</size>
         <input_file_ref idref="fl-2c"/>
      </object_component>
      <object_component id="oc-43">
         <name>.int08</name>
         <load_address>0xfff0</load_address>
         <run_address>0xfff0</run_address>
         <size>0x2</size>
         <input_file_ref idref="fl-2d"/>
      </object_component>
      <object_component id="oc-44">
         <name>.int09</name>
         <load_address>0xfff2</load_address>
         <run_address>0xfff2</run_address>
         <size>0x2</size>
         <input_file_ref idref="fl-2e"/>
      </object_component>
      <object_component id="oc-45">
         <name>.int10</name>
         <load_address>0xfff4</load_address>
         <run_address>0xfff4</run_address>
         <size>0x2</size>
         <input_file_ref idref="fl-2f"/>
      </object_component>
      <object_component id="oc-46">
         <name>.int12</name>
         <load_address>0xfff8</load_address>
         <run_address>0xfff8</run_address>
         <size>0x2</size>
         <input_file_ref idref="fl-30"/>
      </object_component>
      <object_component id="oc-47">
         <name>.int13</name>
         <load_address>0xfffa</load_address>
         <run_address>0xfffa</run_address>
         <size>0x2</size>
         <input_file_ref idref="fl-31"/>
      </object_component>
      <object_component id="oc-48">
         <name>.int14</name>
         <load_address>0xfffc</load_address>
         <run_address>0xfffc</run_address>
         <size>0x2</size>
         <input_file_ref idref="fl-32"/>
      </object_component>
      <object_component id="oc-ef">
         <name>.reset</name>
         <load_address>0xfffe</load_address>
         <run_address>0xfffe</run_address>
         <size>0x2</size>
         <input_file_ref idref="fl-20"/>
      </object_component>
      <object_component id="oc-280">
         <name>.debug_info</name>
         <load_address>0x0</load_address>
         <run_address>0x0</run_address>
         <size>0x24a</size>
         <input_file_ref idref="fl-2"/>
      </object_component>
      <object_component id="oc-1e8">
         <name>.debug_info</name>
         <load_address>0x24a</load_address>
         <run_address>0x24a</run_address>
         <size>0x3a2</size>
         <input_file_ref idref="fl-2"/>
      </object_component>
      <object_component id="oc-22d">
         <name>.debug_info</name>
         <load_address>0x5ec</load_address>
         <run_address>0x5ec</run_address>
         <size>0x331</size>
         <input_file_ref idref="fl-2"/>
      </object_component>
      <object_component id="oc-1f7">
         <name>.debug_info</name>
         <load_address>0x91d</load_address>
         <run_address>0x91d</run_address>
         <size>0x280</size>
         <input_file_ref idref="fl-2"/>
      </object_component>
      <object_component id="oc-269">
         <name>.debug_info</name>
         <load_address>0xb9d</load_address>
         <run_address>0xb9d</run_address>
         <size>0x177</size>
         <input_file_ref idref="fl-2"/>
      </object_component>
      <object_component id="oc-27b">
         <name>.debug_info</name>
         <load_address>0xd14</load_address>
         <run_address>0xd14</run_address>
         <size>0x19f</size>
         <input_file_ref idref="fl-2"/>
      </object_component>
      <object_component id="oc-26e">
         <name>.debug_info</name>
         <load_address>0xeb3</load_address>
         <run_address>0xeb3</run_address>
         <size>0x191</size>
         <input_file_ref idref="fl-2"/>
      </object_component>
      <object_component id="oc-289">
         <name>.debug_info</name>
         <load_address>0x1044</load_address>
         <run_address>0x1044</run_address>
         <size>0x1c8</size>
         <input_file_ref idref="fl-2"/>
      </object_component>
      <object_component id="oc-2a0">
         <name>.debug_info</name>
         <load_address>0x120c</load_address>
         <run_address>0x120c</run_address>
         <size>0x1bb</size>
         <input_file_ref idref="fl-2"/>
      </object_component>
      <object_component id="oc-274">
         <name>.debug_info</name>
         <load_address>0x13c7</load_address>
         <run_address>0x13c7</run_address>
         <size>0x191</size>
         <input_file_ref idref="fl-2"/>
      </object_component>
      <object_component id="oc-2a5">
         <name>.debug_info</name>
         <load_address>0x1558</load_address>
         <run_address>0x1558</run_address>
         <size>0x191</size>
         <input_file_ref idref="fl-2"/>
      </object_component>
      <object_component id="oc-262">
         <name>.debug_info</name>
         <load_address>0x16e9</load_address>
         <run_address>0x16e9</run_address>
         <size>0x144</size>
         <input_file_ref idref="fl-2"/>
      </object_component>
      <object_component id="oc-25c">
         <name>.debug_info</name>
         <load_address>0x182d</load_address>
         <run_address>0x182d</run_address>
         <size>0x12a</size>
         <input_file_ref idref="fl-2"/>
      </object_component>
      <object_component id="oc-2d9">
         <name>.debug_info</name>
         <load_address>0x1957</load_address>
         <run_address>0x1957</run_address>
         <size>0x3ed</size>
         <input_file_ref idref="fl-2"/>
      </object_component>
      <object_component id="oc-105">
         <name>.debug_info</name>
         <load_address>0x1d44</load_address>
         <run_address>0x1d44</run_address>
         <size>0x84</size>
         <input_file_ref idref="fl-2"/>
      </object_component>
      <object_component id="oc-244">
         <name>.debug_info</name>
         <load_address>0x1dc8</load_address>
         <run_address>0x1dc8</run_address>
         <size>0x3ad</size>
         <input_file_ref idref="fl-3"/>
      </object_component>
      <object_component id="oc-1e4">
         <name>.debug_info</name>
         <load_address>0x2175</load_address>
         <run_address>0x2175</run_address>
         <size>0xcc</size>
         <input_file_ref idref="fl-3"/>
      </object_component>
      <object_component id="oc-205">
         <name>.debug_info</name>
         <load_address>0x2241</load_address>
         <run_address>0x2241</run_address>
         <size>0xcc</size>
         <input_file_ref idref="fl-3"/>
      </object_component>
      <object_component id="oc-1ed">
         <name>.debug_info</name>
         <load_address>0x230d</load_address>
         <run_address>0x230d</run_address>
         <size>0xca</size>
         <input_file_ref idref="fl-3"/>
      </object_component>
      <object_component id="oc-202">
         <name>.debug_info</name>
         <load_address>0x23d7</load_address>
         <run_address>0x23d7</run_address>
         <size>0xca</size>
         <input_file_ref idref="fl-3"/>
      </object_component>
      <object_component id="oc-21a">
         <name>.debug_info</name>
         <load_address>0x24a1</load_address>
         <run_address>0x24a1</run_address>
         <size>0xca</size>
         <input_file_ref idref="fl-3"/>
      </object_component>
      <object_component id="oc-223">
         <name>.debug_info</name>
         <load_address>0x256b</load_address>
         <run_address>0x256b</run_address>
         <size>0xc7</size>
         <input_file_ref idref="fl-3"/>
      </object_component>
      <object_component id="oc-1a3">
         <name>.debug_info</name>
         <load_address>0x2632</load_address>
         <run_address>0x2632</run_address>
         <size>0x3cd</size>
         <input_file_ref idref="fl-3"/>
      </object_component>
      <object_component id="oc-2ba">
         <name>.debug_info</name>
         <load_address>0x29ff</load_address>
         <run_address>0x29ff</run_address>
         <size>0x13a</size>
         <input_file_ref idref="fl-3"/>
      </object_component>
      <object_component id="oc-226">
         <name>.debug_info</name>
         <load_address>0x2b39</load_address>
         <run_address>0x2b39</run_address>
         <size>0x19a</size>
         <input_file_ref idref="fl-3"/>
      </object_component>
      <object_component id="oc-21d">
         <name>.debug_info</name>
         <load_address>0x2cd3</load_address>
         <run_address>0x2cd3</run_address>
         <size>0x1d9</size>
         <input_file_ref idref="fl-3"/>
      </object_component>
      <object_component id="oc-1f0">
         <name>.debug_info</name>
         <load_address>0x2eac</load_address>
         <run_address>0x2eac</run_address>
         <size>0x1ca</size>
         <input_file_ref idref="fl-3"/>
      </object_component>
      <object_component id="oc-2ad">
         <name>.debug_info</name>
         <load_address>0x3076</load_address>
         <run_address>0x3076</run_address>
         <size>0x1a8</size>
         <input_file_ref idref="fl-3"/>
      </object_component>
      <object_component id="oc-238">
         <name>.debug_info</name>
         <load_address>0x321e</load_address>
         <run_address>0x321e</run_address>
         <size>0x221</size>
         <input_file_ref idref="fl-3"/>
      </object_component>
      <object_component id="oc-2b3">
         <name>.debug_info</name>
         <load_address>0x343f</load_address>
         <run_address>0x343f</run_address>
         <size>0x19e</size>
         <input_file_ref idref="fl-3"/>
      </object_component>
      <object_component id="oc-232">
         <name>.debug_info</name>
         <load_address>0x35dd</load_address>
         <run_address>0x35dd</run_address>
         <size>0x222</size>
         <input_file_ref idref="fl-3"/>
      </object_component>
      <object_component id="oc-197">
         <name>.debug_info</name>
         <load_address>0x37ff</load_address>
         <run_address>0x37ff</run_address>
         <size>0x1f4</size>
         <input_file_ref idref="fl-3"/>
      </object_component>
      <object_component id="oc-1a9">
         <name>.debug_info</name>
         <load_address>0x39f3</load_address>
         <run_address>0x39f3</run_address>
         <size>0x12d</size>
         <input_file_ref idref="fl-3"/>
      </object_component>
      <object_component id="oc-208">
         <name>.debug_info</name>
         <load_address>0x3b20</load_address>
         <run_address>0x3b20</run_address>
         <size>0x5e0</size>
         <input_file_ref idref="fl-3"/>
      </object_component>
      <object_component id="oc-164">
         <name>.debug_info</name>
         <load_address>0x4100</load_address>
         <run_address>0x4100</run_address>
         <size>0x2c</size>
         <input_file_ref idref="fl-3"/>
      </object_component>
      <object_component id="oc-210">
         <name>.debug_info</name>
         <load_address>0x412c</load_address>
         <run_address>0x412c</run_address>
         <size>0x1f3</size>
         <input_file_ref idref="fl-4"/>
      </object_component>
      <object_component id="oc-19d">
         <name>.debug_info</name>
         <load_address>0x431f</load_address>
         <run_address>0x431f</run_address>
         <size>0xd6</size>
         <input_file_ref idref="fl-4"/>
      </object_component>
      <object_component id="oc-1a0">
         <name>.debug_info</name>
         <load_address>0x43f5</load_address>
         <run_address>0x43f5</run_address>
         <size>0xc1</size>
         <input_file_ref idref="fl-4"/>
      </object_component>
      <object_component id="oc-147">
         <name>.debug_info</name>
         <load_address>0x44b6</load_address>
         <run_address>0x44b6</run_address>
         <size>0x121</size>
         <input_file_ref idref="fl-4"/>
      </object_component>
      <object_component id="oc-2eb">
         <name>.debug_info</name>
         <load_address>0x45d7</load_address>
         <run_address>0x45d7</run_address>
         <size>0x229</size>
         <input_file_ref idref="fl-5"/>
      </object_component>
      <object_component id="oc-258">
         <name>.debug_info</name>
         <load_address>0x4800</load_address>
         <run_address>0x4800</run_address>
         <size>0xec</size>
         <input_file_ref idref="fl-5"/>
      </object_component>
      <object_component id="oc-2c7">
         <name>.debug_info</name>
         <load_address>0x48ec</load_address>
         <run_address>0x48ec</run_address>
         <size>0x160</size>
         <input_file_ref idref="fl-5"/>
      </object_component>
      <object_component id="oc-2cf">
         <name>.debug_info</name>
         <load_address>0x4a4c</load_address>
         <run_address>0x4a4c</run_address>
         <size>0x15e</size>
         <input_file_ref idref="fl-5"/>
      </object_component>
      <object_component id="oc-ed">
         <name>.debug_info</name>
         <load_address>0x4baa</load_address>
         <run_address>0x4baa</run_address>
         <size>0xf5</size>
         <input_file_ref idref="fl-20"/>
      </object_component>
      <object_component id="oc-6a">
         <name>.debug_info</name>
         <load_address>0x4c9f</load_address>
         <run_address>0x4c9f</run_address>
         <size>0x196</size>
         <input_file_ref idref="fl-21"/>
      </object_component>
      <object_component id="oc-161">
         <name>.debug_info</name>
         <load_address>0x4e35</load_address>
         <run_address>0x4e35</run_address>
         <size>0x16b</size>
         <input_file_ref idref="fl-22"/>
      </object_component>
      <object_component id="oc-34">
         <name>.debug_info</name>
         <load_address>0x4fa0</load_address>
         <run_address>0x4fa0</run_address>
         <size>0x287</size>
         <input_file_ref idref="fl-22"/>
      </object_component>
      <object_component id="oc-100">
         <name>.debug_info</name>
         <load_address>0x5227</load_address>
         <run_address>0x5227</run_address>
         <size>0x60</size>
         <input_file_ref idref="fl-22"/>
      </object_component>
      <object_component id="oc-15c">
         <name>.debug_info</name>
         <load_address>0x5287</load_address>
         <run_address>0x5287</run_address>
         <size>0x46</size>
         <input_file_ref idref="fl-22"/>
      </object_component>
      <object_component id="oc-116">
         <name>.debug_info</name>
         <load_address>0x52cd</load_address>
         <run_address>0x52cd</run_address>
         <size>0x1b2</size>
         <input_file_ref idref="fl-23"/>
      </object_component>
      <object_component id="oc-3c">
         <name>.debug_info</name>
         <load_address>0x547f</load_address>
         <run_address>0x547f</run_address>
         <size>0x1df</size>
         <input_file_ref idref="fl-23"/>
      </object_component>
      <object_component id="oc-111">
         <name>.debug_info</name>
         <load_address>0x565e</load_address>
         <run_address>0x565e</run_address>
         <size>0x46</size>
         <input_file_ref idref="fl-23"/>
      </object_component>
      <object_component id="oc-169">
         <name>.debug_info</name>
         <load_address>0x56a4</load_address>
         <run_address>0x56a4</run_address>
         <size>0x2c</size>
         <input_file_ref idref="fl-23"/>
      </object_component>
      <object_component id="oc-122">
         <name>.debug_info</name>
         <load_address>0x56d0</load_address>
         <run_address>0x56d0</run_address>
         <size>0x16a</size>
         <input_file_ref idref="fl-24"/>
      </object_component>
      <object_component id="oc-4c">
         <name>.debug_info</name>
         <load_address>0x583a</load_address>
         <run_address>0x583a</run_address>
         <size>0x1b5</size>
         <input_file_ref idref="fl-24"/>
      </object_component>
      <object_component id="oc-11d">
         <name>.debug_info</name>
         <load_address>0x59ef</load_address>
         <run_address>0x59ef</run_address>
         <size>0x46</size>
         <input_file_ref idref="fl-24"/>
      </object_component>
      <object_component id="oc-fb">
         <name>.debug_info</name>
         <load_address>0x5a35</load_address>
         <run_address>0x5a35</run_address>
         <size>0x126</size>
         <input_file_ref idref="fl-25"/>
      </object_component>
      <object_component id="oc-14c">
         <name>.debug_info</name>
         <load_address>0x5b5b</load_address>
         <run_address>0x5b5b</run_address>
         <size>0x117</size>
         <input_file_ref idref="fl-26"/>
      </object_component>
      <object_component id="oc-119">
         <name>.debug_info</name>
         <load_address>0x5c72</load_address>
         <run_address>0x5c72</run_address>
         <size>0x107</size>
         <input_file_ref idref="fl-33"/>
      </object_component>
      <object_component id="oc-f2">
         <name>.debug_info</name>
         <load_address>0x5d79</load_address>
         <run_address>0x5d79</run_address>
         <size>0x118</size>
         <input_file_ref idref="fl-34"/>
      </object_component>
      <object_component id="oc-f8">
         <name>.debug_info</name>
         <load_address>0x5e91</load_address>
         <run_address>0x5e91</run_address>
         <size>0x118</size>
         <input_file_ref idref="fl-35"/>
      </object_component>
      <object_component id="oc-28f">
         <name>.debug_info</name>
         <load_address>0x5fa9</load_address>
         <run_address>0x5fa9</run_address>
         <size>0x167</size>
         <input_file_ref idref="fl-36"/>
      </object_component>
      <object_component id="oc-1fd">
         <name>.debug_info</name>
         <load_address>0x6110</load_address>
         <run_address>0x6110</run_address>
         <size>0x270</size>
         <input_file_ref idref="fl-36"/>
      </object_component>
      <object_component id="oc-163">
         <name>.debug_info</name>
         <load_address>0x6380</load_address>
         <run_address>0x6380</run_address>
         <size>0x16d</size>
         <input_file_ref idref="fl-37"/>
      </object_component>
      <object_component id="oc-10b">
         <name>.debug_info</name>
         <load_address>0x64ed</load_address>
         <run_address>0x64ed</run_address>
         <size>0x191</size>
         <input_file_ref idref="fl-37"/>
      </object_component>
      <object_component id="oc-297">
         <name>.debug_info</name>
         <load_address>0x667e</load_address>
         <run_address>0x667e</run_address>
         <size>0x162</size>
         <input_file_ref idref="fl-38"/>
      </object_component>
      <object_component id="oc-215">
         <name>.debug_info</name>
         <load_address>0x67e0</load_address>
         <run_address>0x67e0</run_address>
         <size>0x25a</size>
         <input_file_ref idref="fl-38"/>
      </object_component>
      <object_component id="oc-127">
         <name>.debug_info</name>
         <load_address>0x6a3a</load_address>
         <run_address>0x6a3a</run_address>
         <size>0x148</size>
         <input_file_ref idref="fl-3a"/>
      </object_component>
      <object_component id="oc-2c1">
         <name>.debug_info</name>
         <load_address>0x6b82</load_address>
         <run_address>0x6b82</run_address>
         <size>0x157</size>
         <input_file_ref idref="fl-3b"/>
      </object_component>
      <object_component id="oc-23e">
         <name>.debug_info</name>
         <load_address>0x6cd9</load_address>
         <run_address>0x6cd9</run_address>
         <size>0x215</size>
         <input_file_ref idref="fl-3b"/>
      </object_component>
      <object_component id="oc-181">
         <name>.debug_info</name>
         <load_address>0x6eee</load_address>
         <run_address>0x6eee</run_address>
         <size>0x3b6</size>
         <input_file_ref idref="fl-3e"/>
      </object_component>
      <object_component id="oc-12a">
         <name>.debug_info</name>
         <load_address>0x72a4</load_address>
         <run_address>0x72a4</run_address>
         <size>0x1c2</size>
         <input_file_ref idref="fl-3e"/>
      </object_component>
      <object_component id="oc-1be">
         <name>.debug_info</name>
         <load_address>0x7466</load_address>
         <run_address>0x7466</run_address>
         <size>0x39</size>
         <input_file_ref idref="fl-3e"/>
      </object_component>
      <object_component id="oc-1c3">
         <name>.debug_info</name>
         <load_address>0x749f</load_address>
         <run_address>0x749f</run_address>
         <size>0xcd</size>
         <input_file_ref idref="fl-3e"/>
      </object_component>
      <object_component id="oc-1ba">
         <name>.debug_info</name>
         <load_address>0x756c</load_address>
         <run_address>0x756c</run_address>
         <size>0x252</size>
         <input_file_ref idref="fl-3f"/>
      </object_component>
      <object_component id="oc-176">
         <name>.debug_info</name>
         <load_address>0x77be</load_address>
         <run_address>0x77be</run_address>
         <size>0x1b0</size>
         <input_file_ref idref="fl-3f"/>
      </object_component>
      <object_component id="oc-249">
         <name>.debug_info</name>
         <load_address>0x796e</load_address>
         <run_address>0x796e</run_address>
         <size>0x2c</size>
         <input_file_ref idref="fl-3f"/>
      </object_component>
      <object_component id="oc-1b5">
         <name>.debug_info</name>
         <load_address>0x799a</load_address>
         <run_address>0x799a</run_address>
         <size>0x119</size>
         <input_file_ref idref="fl-40"/>
      </object_component>
      <object_component id="oc-17c">
         <name>.debug_info</name>
         <load_address>0x7ab3</load_address>
         <run_address>0x7ab3</run_address>
         <size>0x145</size>
         <input_file_ref idref="fl-41"/>
      </object_component>
      <object_component id="oc-32b">
         <name>.debug_info</name>
         <load_address>0x7bf8</load_address>
         <run_address>0x7bf8</run_address>
         <size>0x99</size>
      </object_component>
      <object_component id="oc-2d8">
         <name>.debug_line</name>
         <load_address>0x0</load_address>
         <run_address>0x0</run_address>
         <size>0xbe</size>
         <input_file_ref idref="fl-2"/>
      </object_component>
      <object_component id="oc-1e7">
         <name>.debug_line</name>
         <load_address>0xbe</load_address>
         <run_address>0xbe</run_address>
         <size>0x6e</size>
         <input_file_ref idref="fl-2"/>
      </object_component>
      <object_component id="oc-22c">
         <name>.debug_line</name>
         <load_address>0x12c</load_address>
         <run_address>0x12c</run_address>
         <size>0x6d</size>
         <input_file_ref idref="fl-2"/>
      </object_component>
      <object_component id="oc-1f6">
         <name>.debug_line</name>
         <load_address>0x199</load_address>
         <run_address>0x199</run_address>
         <size>0x6b</size>
         <input_file_ref idref="fl-2"/>
      </object_component>
      <object_component id="oc-268">
         <name>.debug_line</name>
         <load_address>0x204</load_address>
         <run_address>0x204</run_address>
         <size>0x51</size>
         <input_file_ref idref="fl-2"/>
      </object_component>
      <object_component id="oc-27a">
         <name>.debug_line</name>
         <load_address>0x255</load_address>
         <run_address>0x255</run_address>
         <size>0x51</size>
         <input_file_ref idref="fl-2"/>
      </object_component>
      <object_component id="oc-271">
         <name>.debug_line</name>
         <load_address>0x2a6</load_address>
         <run_address>0x2a6</run_address>
         <size>0x52</size>
         <input_file_ref idref="fl-2"/>
      </object_component>
      <object_component id="oc-288">
         <name>.debug_line</name>
         <load_address>0x2f8</load_address>
         <run_address>0x2f8</run_address>
         <size>0x4c</size>
         <input_file_ref idref="fl-2"/>
      </object_component>
      <object_component id="oc-29f">
         <name>.debug_line</name>
         <load_address>0x344</load_address>
         <run_address>0x344</run_address>
         <size>0x4c</size>
         <input_file_ref idref="fl-2"/>
      </object_component>
      <object_component id="oc-277">
         <name>.debug_line</name>
         <load_address>0x390</load_address>
         <run_address>0x390</run_address>
         <size>0x52</size>
         <input_file_ref idref="fl-2"/>
      </object_component>
      <object_component id="oc-2a8">
         <name>.debug_line</name>
         <load_address>0x3e2</load_address>
         <run_address>0x3e2</run_address>
         <size>0x52</size>
         <input_file_ref idref="fl-2"/>
      </object_component>
      <object_component id="oc-265">
         <name>.debug_line</name>
         <load_address>0x434</load_address>
         <run_address>0x434</run_address>
         <size>0x4e</size>
         <input_file_ref idref="fl-2"/>
      </object_component>
      <object_component id="oc-260">
         <name>.debug_line</name>
         <load_address>0x482</load_address>
         <run_address>0x482</run_address>
         <size>0x4d</size>
         <input_file_ref idref="fl-2"/>
      </object_component>
      <object_component id="oc-2dc">
         <name>.debug_line</name>
         <load_address>0x4cf</load_address>
         <run_address>0x4cf</run_address>
         <size>0x31</size>
         <input_file_ref idref="fl-2"/>
      </object_component>
      <object_component id="oc-108">
         <name>.debug_line</name>
         <load_address>0x500</load_address>
         <run_address>0x500</run_address>
         <size>0x20</size>
         <input_file_ref idref="fl-2"/>
      </object_component>
      <object_component id="oc-2c3">
         <name>.debug_line</name>
         <load_address>0x520</load_address>
         <run_address>0x520</run_address>
         <size>0x89</size>
         <input_file_ref idref="fl-3"/>
      </object_component>
      <object_component id="oc-254">
         <name>.debug_line</name>
         <load_address>0x5a9</load_address>
         <run_address>0x5a9</run_address>
         <size>0x30</size>
         <input_file_ref idref="fl-3"/>
      </object_component>
      <object_component id="oc-293">
         <name>.debug_line</name>
         <load_address>0x5d9</load_address>
         <run_address>0x5d9</run_address>
         <size>0x30</size>
         <input_file_ref idref="fl-3"/>
      </object_component>
      <object_component id="oc-283">
         <name>.debug_line</name>
         <load_address>0x609</load_address>
         <run_address>0x609</run_address>
         <size>0x30</size>
         <input_file_ref idref="fl-3"/>
      </object_component>
      <object_component id="oc-291">
         <name>.debug_line</name>
         <load_address>0x639</load_address>
         <run_address>0x639</run_address>
         <size>0x30</size>
         <input_file_ref idref="fl-3"/>
      </object_component>
      <object_component id="oc-299">
         <name>.debug_line</name>
         <load_address>0x669</load_address>
         <run_address>0x669</run_address>
         <size>0x30</size>
         <input_file_ref idref="fl-3"/>
      </object_component>
      <object_component id="oc-29c">
         <name>.debug_line</name>
         <load_address>0x699</load_address>
         <run_address>0x699</run_address>
         <size>0x30</size>
         <input_file_ref idref="fl-3"/>
      </object_component>
      <object_component id="oc-1a7">
         <name>.debug_line</name>
         <load_address>0x6c9</load_address>
         <run_address>0x6c9</run_address>
         <size>0xac</size>
         <input_file_ref idref="fl-3"/>
      </object_component>
      <object_component id="oc-2bd">
         <name>.debug_line</name>
         <load_address>0x775</load_address>
         <run_address>0x775</run_address>
         <size>0x5d</size>
         <input_file_ref idref="fl-3"/>
      </object_component>
      <object_component id="oc-229">
         <name>.debug_line</name>
         <load_address>0x7d2</load_address>
         <run_address>0x7d2</run_address>
         <size>0x66</size>
         <input_file_ref idref="fl-3"/>
      </object_component>
      <object_component id="oc-220">
         <name>.debug_line</name>
         <load_address>0x838</load_address>
         <run_address>0x838</run_address>
         <size>0x57</size>
         <input_file_ref idref="fl-3"/>
      </object_component>
      <object_component id="oc-1f3">
         <name>.debug_line</name>
         <load_address>0x88f</load_address>
         <run_address>0x88f</run_address>
         <size>0x5d</size>
         <input_file_ref idref="fl-3"/>
      </object_component>
      <object_component id="oc-2b0">
         <name>.debug_line</name>
         <load_address>0x8ec</load_address>
         <run_address>0x8ec</run_address>
         <size>0x50</size>
         <input_file_ref idref="fl-3"/>
      </object_component>
      <object_component id="oc-23b">
         <name>.debug_line</name>
         <load_address>0x93c</load_address>
         <run_address>0x93c</run_address>
         <size>0x6e</size>
         <input_file_ref idref="fl-3"/>
      </object_component>
      <object_component id="oc-2b6">
         <name>.debug_line</name>
         <load_address>0x9aa</load_address>
         <run_address>0x9aa</run_address>
         <size>0x52</size>
         <input_file_ref idref="fl-3"/>
      </object_component>
      <object_component id="oc-235">
         <name>.debug_line</name>
         <load_address>0x9fc</load_address>
         <run_address>0x9fc</run_address>
         <size>0x8a</size>
         <input_file_ref idref="fl-3"/>
      </object_component>
      <object_component id="oc-19a">
         <name>.debug_line</name>
         <load_address>0xa86</load_address>
         <run_address>0xa86</run_address>
         <size>0x90</size>
         <input_file_ref idref="fl-3"/>
      </object_component>
      <object_component id="oc-1ac">
         <name>.debug_line</name>
         <load_address>0xb16</load_address>
         <run_address>0xb16</run_address>
         <size>0x47</size>
         <input_file_ref idref="fl-3"/>
      </object_component>
      <object_component id="oc-20b">
         <name>.debug_line</name>
         <load_address>0xb5d</load_address>
         <run_address>0xb5d</run_address>
         <size>0x30</size>
         <input_file_ref idref="fl-3"/>
      </object_component>
      <object_component id="oc-167">
         <name>.debug_line</name>
         <load_address>0xb8d</load_address>
         <run_address>0xb8d</run_address>
         <size>0x68</size>
         <input_file_ref idref="fl-3"/>
      </object_component>
      <object_component id="oc-295">
         <name>.debug_line</name>
         <load_address>0xbf5</load_address>
         <run_address>0xbf5</run_address>
         <size>0x65</size>
         <input_file_ref idref="fl-4"/>
      </object_component>
      <object_component id="oc-20f">
         <name>.debug_line</name>
         <load_address>0xc5a</load_address>
         <run_address>0xc5a</run_address>
         <size>0x2d</size>
         <input_file_ref idref="fl-4"/>
      </object_component>
      <object_component id="oc-212">
         <name>.debug_line</name>
         <load_address>0xc87</load_address>
         <run_address>0xc87</run_address>
         <size>0x2d</size>
         <input_file_ref idref="fl-4"/>
      </object_component>
      <object_component id="oc-146">
         <name>.debug_line</name>
         <load_address>0xcb4</load_address>
         <run_address>0xcb4</run_address>
         <size>0x48</size>
         <input_file_ref idref="fl-4"/>
      </object_component>
      <object_component id="oc-2ee">
         <name>.debug_line</name>
         <load_address>0xcfc</load_address>
         <run_address>0xcfc</run_address>
         <size>0x55</size>
         <input_file_ref idref="fl-5"/>
      </object_component>
      <object_component id="oc-256">
         <name>.debug_line</name>
         <load_address>0xd51</load_address>
         <run_address>0xd51</run_address>
         <size>0x48</size>
         <input_file_ref idref="fl-5"/>
      </object_component>
      <object_component id="oc-2c6">
         <name>.debug_line</name>
         <load_address>0xd99</load_address>
         <run_address>0xd99</run_address>
         <size>0x5a</size>
         <input_file_ref idref="fl-5"/>
      </object_component>
      <object_component id="oc-2d2">
         <name>.debug_line</name>
         <load_address>0xdf3</load_address>
         <run_address>0xdf3</run_address>
         <size>0x5e</size>
         <input_file_ref idref="fl-5"/>
      </object_component>
      <object_component id="oc-158">
         <name>.debug_line</name>
         <load_address>0xe51</load_address>
         <run_address>0xe51</run_address>
         <size>0x2a</size>
         <input_file_ref idref="fl-20"/>
      </object_component>
      <object_component id="oc-69">
         <name>.debug_line</name>
         <load_address>0xe7b</load_address>
         <run_address>0xe7b</run_address>
         <size>0x4c</size>
         <input_file_ref idref="fl-21"/>
      </object_component>
      <object_component id="oc-1b1">
         <name>.debug_line</name>
         <load_address>0xec7</load_address>
         <run_address>0xec7</run_address>
         <size>0x20</size>
         <input_file_ref idref="fl-22"/>
      </object_component>
      <object_component id="oc-33">
         <name>.debug_line</name>
         <load_address>0xee7</load_address>
         <run_address>0xee7</run_address>
         <size>0x92</size>
         <input_file_ref idref="fl-22"/>
      </object_component>
      <object_component id="oc-103">
         <name>.debug_line</name>
         <load_address>0xf79</load_address>
         <run_address>0xf79</run_address>
         <size>0x3a</size>
         <input_file_ref idref="fl-22"/>
      </object_component>
      <object_component id="oc-15f">
         <name>.debug_line</name>
         <load_address>0xfb3</load_address>
         <run_address>0xfb3</run_address>
         <size>0x8a</size>
         <input_file_ref idref="fl-22"/>
      </object_component>
      <object_component id="oc-16f">
         <name>.debug_line</name>
         <load_address>0x103d</load_address>
         <run_address>0x103d</run_address>
         <size>0x8a</size>
         <input_file_ref idref="fl-23"/>
      </object_component>
      <object_component id="oc-3b">
         <name>.debug_line</name>
         <load_address>0x10c7</load_address>
         <run_address>0x10c7</run_address>
         <size>0x50</size>
         <input_file_ref idref="fl-23"/>
      </object_component>
      <object_component id="oc-114">
         <name>.debug_line</name>
         <load_address>0x1117</load_address>
         <run_address>0x1117</run_address>
         <size>0x3a</size>
         <input_file_ref idref="fl-23"/>
      </object_component>
      <object_component id="oc-16c">
         <name>.debug_line</name>
         <load_address>0x1151</load_address>
         <run_address>0x1151</run_address>
         <size>0x8a</size>
         <input_file_ref idref="fl-23"/>
      </object_component>
      <object_component id="oc-172">
         <name>.debug_line</name>
         <load_address>0x11db</load_address>
         <run_address>0x11db</run_address>
         <size>0x20</size>
         <input_file_ref idref="fl-24"/>
      </object_component>
      <object_component id="oc-4b">
         <name>.debug_line</name>
         <load_address>0x11fb</load_address>
         <run_address>0x11fb</run_address>
         <size>0x4d</size>
         <input_file_ref idref="fl-24"/>
      </object_component>
      <object_component id="oc-120">
         <name>.debug_line</name>
         <load_address>0x1248</load_address>
         <run_address>0x1248</run_address>
         <size>0x34</size>
         <input_file_ref idref="fl-24"/>
      </object_component>
      <object_component id="oc-fe">
         <name>.debug_line</name>
         <load_address>0x127c</load_address>
         <run_address>0x127c</run_address>
         <size>0x40</size>
         <input_file_ref idref="fl-25"/>
      </object_component>
      <object_component id="oc-14f">
         <name>.debug_line</name>
         <load_address>0x12bc</load_address>
         <run_address>0x12bc</run_address>
         <size>0x3d</size>
         <input_file_ref idref="fl-26"/>
      </object_component>
      <object_component id="oc-11b">
         <name>.debug_line</name>
         <load_address>0x12f9</load_address>
         <run_address>0x12f9</run_address>
         <size>0x3d</size>
         <input_file_ref idref="fl-33"/>
      </object_component>
      <object_component id="oc-f4">
         <name>.debug_line</name>
         <load_address>0x1336</load_address>
         <run_address>0x1336</run_address>
         <size>0x4e</size>
         <input_file_ref idref="fl-34"/>
      </object_component>
      <object_component id="oc-f6">
         <name>.debug_line</name>
         <load_address>0x1384</load_address>
         <run_address>0x1384</run_address>
         <size>0x5e</size>
         <input_file_ref idref="fl-35"/>
      </object_component>
      <object_component id="oc-2e0">
         <name>.debug_line</name>
         <load_address>0x13e2</load_address>
         <run_address>0x13e2</run_address>
         <size>0x20</size>
         <input_file_ref idref="fl-36"/>
      </object_component>
      <object_component id="oc-200">
         <name>.debug_line</name>
         <load_address>0x1402</load_address>
         <run_address>0x1402</run_address>
         <size>0xa7</size>
         <input_file_ref idref="fl-36"/>
      </object_component>
      <object_component id="oc-1b3">
         <name>.debug_line</name>
         <load_address>0x14a9</load_address>
         <run_address>0x14a9</run_address>
         <size>0x20</size>
         <input_file_ref idref="fl-37"/>
      </object_component>
      <object_component id="oc-10f">
         <name>.debug_line</name>
         <load_address>0x14c9</load_address>
         <run_address>0x14c9</run_address>
         <size>0x45</size>
         <input_file_ref idref="fl-37"/>
      </object_component>
      <object_component id="oc-2e2">
         <name>.debug_line</name>
         <load_address>0x150e</load_address>
         <run_address>0x150e</run_address>
         <size>0x20</size>
         <input_file_ref idref="fl-38"/>
      </object_component>
      <object_component id="oc-214">
         <name>.debug_line</name>
         <load_address>0x152e</load_address>
         <run_address>0x152e</run_address>
         <size>0xa6</size>
         <input_file_ref idref="fl-38"/>
      </object_component>
      <object_component id="oc-126">
         <name>.debug_line</name>
         <load_address>0x15d4</load_address>
         <run_address>0x15d4</run_address>
         <size>0x3e</size>
         <input_file_ref idref="fl-3a"/>
      </object_component>
      <object_component id="oc-2e9">
         <name>.debug_line</name>
         <load_address>0x1612</load_address>
         <run_address>0x1612</run_address>
         <size>0x20</size>
         <input_file_ref idref="fl-3b"/>
      </object_component>
      <object_component id="oc-241">
         <name>.debug_line</name>
         <load_address>0x1632</load_address>
         <run_address>0x1632</run_address>
         <size>0xa4</size>
         <input_file_ref idref="fl-3b"/>
      </object_component>
      <object_component id="oc-1bd">
         <name>.debug_line</name>
         <load_address>0x16d6</load_address>
         <run_address>0x16d6</run_address>
         <size>0xa9</size>
         <input_file_ref idref="fl-3e"/>
      </object_component>
      <object_component id="oc-12d">
         <name>.debug_line</name>
         <load_address>0x177f</load_address>
         <run_address>0x177f</run_address>
         <size>0x91</size>
         <input_file_ref idref="fl-3e"/>
      </object_component>
      <object_component id="oc-1c1">
         <name>.debug_line</name>
         <load_address>0x1810</load_address>
         <run_address>0x1810</run_address>
         <size>0x2e</size>
         <input_file_ref idref="fl-3e"/>
      </object_component>
      <object_component id="oc-1c6">
         <name>.debug_line</name>
         <load_address>0x183e</load_address>
         <run_address>0x183e</run_address>
         <size>0x8b</size>
         <input_file_ref idref="fl-3e"/>
      </object_component>
      <object_component id="oc-248">
         <name>.debug_line</name>
         <load_address>0x18c9</load_address>
         <run_address>0x18c9</run_address>
         <size>0x98</size>
         <input_file_ref idref="fl-3f"/>
      </object_component>
      <object_component id="oc-175">
         <name>.debug_line</name>
         <load_address>0x1961</load_address>
         <run_address>0x1961</run_address>
         <size>0x5f</size>
         <input_file_ref idref="fl-3f"/>
      </object_component>
      <object_component id="oc-24c">
         <name>.debug_line</name>
         <load_address>0x19c0</load_address>
         <run_address>0x19c0</run_address>
         <size>0x2e</size>
         <input_file_ref idref="fl-3f"/>
      </object_component>
      <object_component id="oc-1b8">
         <name>.debug_line</name>
         <load_address>0x19ee</load_address>
         <run_address>0x19ee</run_address>
         <size>0x42</size>
         <input_file_ref idref="fl-40"/>
      </object_component>
      <object_component id="oc-17f">
         <name>.debug_line</name>
         <load_address>0x1a30</load_address>
         <run_address>0x1a30</run_address>
         <size>0x3a</size>
         <input_file_ref idref="fl-41"/>
      </object_component>
      <object_component id="oc-1eb">
         <name>.debug_frame</name>
         <load_address>0x0</load_address>
         <run_address>0x0</run_address>
         <size>0x40</size>
         <input_file_ref idref="fl-2"/>
      </object_component>
      <object_component id="oc-230">
         <name>.debug_frame</name>
         <load_address>0x40</load_address>
         <run_address>0x40</run_address>
         <size>0x40</size>
         <input_file_ref idref="fl-2"/>
      </object_component>
      <object_component id="oc-1fa">
         <name>.debug_frame</name>
         <load_address>0x80</load_address>
         <run_address>0x80</run_address>
         <size>0x40</size>
         <input_file_ref idref="fl-2"/>
      </object_component>
      <object_component id="oc-26c">
         <name>.debug_frame</name>
         <load_address>0xc0</load_address>
         <run_address>0xc0</run_address>
         <size>0x40</size>
         <input_file_ref idref="fl-2"/>
      </object_component>
      <object_component id="oc-27e">
         <name>.debug_frame</name>
         <load_address>0x100</load_address>
         <run_address>0x100</run_address>
         <size>0x40</size>
         <input_file_ref idref="fl-2"/>
      </object_component>
      <object_component id="oc-272">
         <name>.debug_frame</name>
         <load_address>0x140</load_address>
         <run_address>0x140</run_address>
         <size>0x40</size>
         <input_file_ref idref="fl-2"/>
      </object_component>
      <object_component id="oc-28c">
         <name>.debug_frame</name>
         <load_address>0x180</load_address>
         <run_address>0x180</run_address>
         <size>0x40</size>
         <input_file_ref idref="fl-2"/>
      </object_component>
      <object_component id="oc-2a3">
         <name>.debug_frame</name>
         <load_address>0x1c0</load_address>
         <run_address>0x1c0</run_address>
         <size>0x40</size>
         <input_file_ref idref="fl-2"/>
      </object_component>
      <object_component id="oc-278">
         <name>.debug_frame</name>
         <load_address>0x200</load_address>
         <run_address>0x200</run_address>
         <size>0x40</size>
         <input_file_ref idref="fl-2"/>
      </object_component>
      <object_component id="oc-2a9">
         <name>.debug_frame</name>
         <load_address>0x240</load_address>
         <run_address>0x240</run_address>
         <size>0x40</size>
         <input_file_ref idref="fl-2"/>
      </object_component>
      <object_component id="oc-266">
         <name>.debug_frame</name>
         <load_address>0x280</load_address>
         <run_address>0x280</run_address>
         <size>0x40</size>
         <input_file_ref idref="fl-2"/>
      </object_component>
      <object_component id="oc-25f">
         <name>.debug_frame</name>
         <load_address>0x2c0</load_address>
         <run_address>0x2c0</run_address>
         <size>0x40</size>
         <input_file_ref idref="fl-2"/>
      </object_component>
      <object_component id="oc-1a6">
         <name>.debug_frame</name>
         <load_address>0x300</load_address>
         <run_address>0x300</run_address>
         <size>0x4c</size>
         <input_file_ref idref="fl-3"/>
      </object_component>
      <object_component id="oc-2be">
         <name>.debug_frame</name>
         <load_address>0x34c</load_address>
         <run_address>0x34c</run_address>
         <size>0x40</size>
         <input_file_ref idref="fl-3"/>
      </object_component>
      <object_component id="oc-22a">
         <name>.debug_frame</name>
         <load_address>0x38c</load_address>
         <run_address>0x38c</run_address>
         <size>0x40</size>
         <input_file_ref idref="fl-3"/>
      </object_component>
      <object_component id="oc-221">
         <name>.debug_frame</name>
         <load_address>0x3cc</load_address>
         <run_address>0x3cc</run_address>
         <size>0x40</size>
         <input_file_ref idref="fl-3"/>
      </object_component>
      <object_component id="oc-1f4">
         <name>.debug_frame</name>
         <load_address>0x40c</load_address>
         <run_address>0x40c</run_address>
         <size>0x40</size>
         <input_file_ref idref="fl-3"/>
      </object_component>
      <object_component id="oc-2b1">
         <name>.debug_frame</name>
         <load_address>0x44c</load_address>
         <run_address>0x44c</run_address>
         <size>0x40</size>
         <input_file_ref idref="fl-3"/>
      </object_component>
      <object_component id="oc-23c">
         <name>.debug_frame</name>
         <load_address>0x48c</load_address>
         <run_address>0x48c</run_address>
         <size>0x40</size>
         <input_file_ref idref="fl-3"/>
      </object_component>
      <object_component id="oc-2b7">
         <name>.debug_frame</name>
         <load_address>0x4cc</load_address>
         <run_address>0x4cc</run_address>
         <size>0x40</size>
         <input_file_ref idref="fl-3"/>
      </object_component>
      <object_component id="oc-236">
         <name>.debug_frame</name>
         <load_address>0x50c</load_address>
         <run_address>0x50c</run_address>
         <size>0x40</size>
         <input_file_ref idref="fl-3"/>
      </object_component>
      <object_component id="oc-19b">
         <name>.debug_frame</name>
         <load_address>0x54c</load_address>
         <run_address>0x54c</run_address>
         <size>0x40</size>
         <input_file_ref idref="fl-3"/>
      </object_component>
      <object_component id="oc-1ad">
         <name>.debug_frame</name>
         <load_address>0x58c</load_address>
         <run_address>0x58c</run_address>
         <size>0x40</size>
         <input_file_ref idref="fl-3"/>
      </object_component>
      <object_component id="oc-144">
         <name>.debug_frame</name>
         <load_address>0x5cc</load_address>
         <run_address>0x5cc</run_address>
         <size>0x3c</size>
         <input_file_ref idref="fl-4"/>
      </object_component>
      <object_component id="oc-257">
         <name>.debug_frame</name>
         <load_address>0x608</load_address>
         <run_address>0x608</run_address>
         <size>0x3c</size>
         <input_file_ref idref="fl-5"/>
      </object_component>
      <object_component id="oc-2ca">
         <name>.debug_frame</name>
         <load_address>0x644</load_address>
         <run_address>0x644</run_address>
         <size>0x40</size>
         <input_file_ref idref="fl-5"/>
      </object_component>
      <object_component id="oc-2ce">
         <name>.debug_frame</name>
         <load_address>0x684</load_address>
         <run_address>0x684</run_address>
         <size>0x40</size>
         <input_file_ref idref="fl-5"/>
      </object_component>
      <object_component id="oc-68">
         <name>.debug_frame</name>
         <load_address>0x6c4</load_address>
         <run_address>0x6c4</run_address>
         <size>0x34</size>
         <input_file_ref idref="fl-21"/>
      </object_component>
      <object_component id="oc-37">
         <name>.debug_frame</name>
         <load_address>0x6f8</load_address>
         <run_address>0x6f8</run_address>
         <size>0x48</size>
         <input_file_ref idref="fl-22"/>
      </object_component>
      <object_component id="oc-3a">
         <name>.debug_frame</name>
         <load_address>0x740</load_address>
         <run_address>0x740</run_address>
         <size>0x3c</size>
         <input_file_ref idref="fl-23"/>
      </object_component>
      <object_component id="oc-4a">
         <name>.debug_frame</name>
         <load_address>0x77c</load_address>
         <run_address>0x77c</run_address>
         <size>0x3c</size>
         <input_file_ref idref="fl-24"/>
      </object_component>
      <object_component id="oc-150">
         <name>.debug_frame</name>
         <load_address>0x7b8</load_address>
         <run_address>0x7b8</run_address>
         <size>0x3c</size>
         <input_file_ref idref="fl-26"/>
      </object_component>
      <object_component id="oc-1fc">
         <name>.debug_frame</name>
         <load_address>0x7f4</load_address>
         <run_address>0x7f4</run_address>
         <size>0x40</size>
         <input_file_ref idref="fl-36"/>
      </object_component>
      <object_component id="oc-10e">
         <name>.debug_frame</name>
         <load_address>0x834</load_address>
         <run_address>0x834</run_address>
         <size>0x3c</size>
         <input_file_ref idref="fl-37"/>
      </object_component>
      <object_component id="oc-218">
         <name>.debug_frame</name>
         <load_address>0x870</load_address>
         <run_address>0x870</run_address>
         <size>0x3c</size>
         <input_file_ref idref="fl-38"/>
      </object_component>
      <object_component id="oc-125">
         <name>.debug_frame</name>
         <load_address>0x8ac</load_address>
         <run_address>0x8ac</run_address>
         <size>0x3c</size>
         <input_file_ref idref="fl-3a"/>
      </object_component>
      <object_component id="oc-242">
         <name>.debug_frame</name>
         <load_address>0x8e8</load_address>
         <run_address>0x8e8</run_address>
         <size>0x3c</size>
         <input_file_ref idref="fl-3b"/>
      </object_component>
      <object_component id="oc-12e">
         <name>.debug_frame</name>
         <load_address>0x924</load_address>
         <run_address>0x924</run_address>
         <size>0x44</size>
         <input_file_ref idref="fl-3e"/>
      </object_component>
      <object_component id="oc-179">
         <name>.debug_frame</name>
         <load_address>0x968</load_address>
         <run_address>0x968</run_address>
         <size>0x44</size>
         <input_file_ref idref="fl-3f"/>
      </object_component>
      <object_component id="oc-17e">
         <name>.debug_frame</name>
         <load_address>0x9ac</load_address>
         <run_address>0x9ac</run_address>
         <size>0x3c</size>
         <input_file_ref idref="fl-41"/>
      </object_component>
      <object_component id="oc-2d7">
         <name>.debug_abbrev</name>
         <load_address>0x0</load_address>
         <run_address>0x0</run_address>
         <size>0xce</size>
         <input_file_ref idref="fl-2"/>
      </object_component>
      <object_component id="oc-27f">
         <name>.debug_abbrev</name>
         <load_address>0xce</load_address>
         <run_address>0xce</run_address>
         <size>0x7a</size>
         <input_file_ref idref="fl-2"/>
      </object_component>
      <object_component id="oc-2ab">
         <name>.debug_abbrev</name>
         <load_address>0x148</load_address>
         <run_address>0x148</run_address>
         <size>0x7c</size>
         <input_file_ref idref="fl-2"/>
      </object_component>
      <object_component id="oc-28d">
         <name>.debug_abbrev</name>
         <load_address>0x1c4</load_address>
         <run_address>0x1c4</run_address>
         <size>0x7c</size>
         <input_file_ref idref="fl-2"/>
      </object_component>
      <object_component id="oc-2d3">
         <name>.debug_abbrev</name>
         <load_address>0x240</load_address>
         <run_address>0x240</run_address>
         <size>0x7a</size>
         <input_file_ref idref="fl-2"/>
      </object_component>
      <object_component id="oc-2d6">
         <name>.debug_abbrev</name>
         <load_address>0x2ba</load_address>
         <run_address>0x2ba</run_address>
         <size>0x7a</size>
         <input_file_ref idref="fl-2"/>
      </object_component>
      <object_component id="oc-2d4">
         <name>.debug_abbrev</name>
         <load_address>0x334</load_address>
         <run_address>0x334</run_address>
         <size>0x7a</size>
         <input_file_ref idref="fl-2"/>
[...]
      <symbol id="sm-43">
         <name>TBCCR2</name>
         <value>0x196</value>
      </symbol>
      <symbol id="sm-44">
         <name>UCA0CTL0</name>
         <value>0x60</value>
      </symbol>
      <symbol id="sm-45">
         <name>UCA0CTL1</name>
         <value>0x61</value>
      </symbol>
      <symbol id="sm-46">
         <name>UCA0BR0</name>
         <value>0x62</value>
      </symbol>
      <symbol id="sm-47">
         <name>UCA0BR1</name>
         <value>0x63</value>
      </symbol>
      <symbol id="sm-48">
         <name>UCA0MCTL</name>
         <value>0x64</value>
      </symbol>
      <symbol id="sm-49">
         <name>UCA0STAT</name>
         <value>0x65</value>
      </symbol>
      <symbol id="sm-4a">
         <name>UCA0RXBUF</name>
         <value>0x66</value>
      </symbol>
      <symbol id="sm-4b">
         <name>UCA0TXBUF</name>
         <value>0x67</value>
      </symbol>
      <symbol id="sm-4c">
         <name>UCA0ABCTL</name>
         <value>0x5d</value>
      </symbol>
      <symbol id="sm-4d">
         <name>UCA0IRTCTL</name>
         <value>0x5e</value>
      </symbol>
      <symbol id="sm-4e">
         <name>UCA0IRRCTL</name>
         <value>0x5f</value>
      </symbol>
      <symbol id="sm-4f">
         <name>UCB0CTL0</name>
         <value>0x68</value>
      </symbol>
      <symbol id="sm-50">
         <name>UCB0CTL1</name>
         <value>0x69</value>
      </symbol>
      <symbol id="sm-51">
         <name>UCB0BR0</name>
         <value>0x6a</value>
      </symbol>
      <symbol id="sm-52">
         <name>UCB0BR1</name>
         <value>0x6b</value>
      </symbol>
      <symbol id="sm-53">
         <name>UCB0I2CIE</name>
         <value>0x6c</value>
      </symbol>
      <symbol id="sm-54">
         <name>UCB0STAT</name>
         <value>0x6d</value>
      </symbol>
      <symbol id="sm-55">
         <name>UCB0RXBUF</name>
         <value>0x6e</value>
      </symbol>
      <symbol id="sm-56">
         <name>UCB0TXBUF</name>
         <value>0x6f</value>
      </symbol>
      <symbol id="sm-57">
         <name>UCB0I2COA</name>
         <value>0x118</value>
      </symbol>
      <symbol id="sm-58">
         <name>UCB0I2CSA</name>
         <value>0x11a</value>
      </symbol>
      <symbol id="sm-59">
         <name>WDTCTL</name>
         <value>0x120</value>
      </symbol>
      <symbol id="sm-5a">
         <name>CALDCO_16MHZ</name>
         <value>0x10f8</value>
      </symbol>
      <symbol id="sm-5b">
         <name>CALBC1_16MHZ</name>
         <value>0x10f9</value>
      </symbol>
      <symbol id="sm-5c">
         <name>CALDCO_12MHZ</name>
         <value>0x10fa</value>
      </symbol>
      <symbol id="sm-5d">
         <name>CALBC1_12MHZ</name>
         <value>0x10fb</value>
      </symbol>
      <symbol id="sm-5e">
         <name>CALDCO_8MHZ</name>
         <value>0x10fc</value>
      </symbol>
      <symbol id="sm-5f">
         <name>CALBC1_8MHZ</name>
         <value>0x10fd</value>
      </symbol>
      <symbol id="sm-60">
         <name>CALDCO_1MHZ</name>
         <value>0x10fe</value>
      </symbol>
      <symbol id="sm-61">
         <name>CALBC1_1MHZ</name>
         <value>0x10ff</value>
      </symbol>
      <symbol id="sm-62">
         <name>__TI_CINIT_Base</name>
         <value>0x960e</value>
      </symbol>
      <symbol id="sm-63">
         <name>__TI_CINIT_Limit</name>
         <value>0x9616</value>
      </symbol>
      <symbol id="sm-64">
         <name>__TI_Handler_Table_Base</name>
         <value>0x9604</value>
      </symbol>
      <symbol id="sm-65">
         <name>__TI_Handler_Table_Limit</name>
         <value>0x960a</value>
      </symbol>
      <symbol id="sm-66">
         <name>__STACK_SIZE</name>
         <value>0x50</value>
      </symbol>
      <symbol id="sm-67">
         <name>__STACK_END</name>
         <value>0x600</value>
      </symbol>
      <symbol id="sm-68">
         <name>__c_args__</name>
         <value>0xffffffff</value>
      </symbol>
      <symbol id="sm-69">
         <name>__TI_pprof_out_hndl</name>
         <value>0xffffffff</value>
      </symbol>
      <symbol id="sm-6a">
         <name>__TI_prof_data_start</name>
         <value>0xffffffff</value>
      </symbol>
      <symbol id="sm-6b">
         <name>__TI_prof_data_size</name>
         <value>0xffffffff</value>
      </symbol>
      <symbol id="sm-11d">
         <name>TxStatus</name>
         <value>0x220</value>
      </symbol>
      <symbol id="sm-11e">
         <name>ptrRxStatus</name>
         <value>0x228</value>
      </symbol>
      <symbol id="sm-11f">
         <name>MACWrite</name>
         <value>0x87ea</value>
         <object_component_ref idref="oc-22b"/>
      </symbol>
      <symbol id="sm-120">
         <name>initMAC</name>
         <value>0x8672</value>
         <object_component_ref idref="oc-1e6"/>
      </symbol>
      <symbol id="sm-121">
         <name>MACRead</name>
         <value>0x8b36</value>
         <object_component_ref idref="oc-1f5"/>
      </symbol>
      <symbol id="sm-1bb">
         <name>SendArpPacket</name>
         <value>0x8c1c</value>
         <object_component_ref idref="oc-1ef"/>
      </symbol>
      <symbol id="sm-1bc">
         <name>routerMAC</name>
         <value>0x208</value>
         <object_component_ref idref="oc-204"/>
      </symbol>
      <symbol id="sm-1bd">
         <name>serverIP</name>
         <value>0x21a</value>
         <object_component_ref idref="oc-219"/>
      </symbol>
      <symbol id="sm-1be">
         <name>deviceIP</name>
         <value>0x20e</value>
         <object_component_ref idref="oc-1ec"/>
      </symbol>
      <symbol id="sm-1bf">
         <name>IPstackIdle</name>
         <value>0x94f0</value>
         <object_component_ref idref="oc-1a8"/>
      </symbol>
      <symbol id="sm-1c0">
         <name>IPstackHTMLPost</name>
         <value>0x8000</value>
         <object_component_ref idref="oc-1a2"/>
      </symbol>
      <symbol id="sm-1c1">
         <name>routerIP</name>
         <value>0x216</value>
         <object_component_ref idref="oc-201"/>
      </symbol>
      <symbol id="sm-1c2">
         <name>chksum</name>
         <value>0x8f32</value>
         <object_component_ref idref="oc-225"/>
      </symbol>
      <symbol id="sm-1c3">
         <name>ReplyArpPacket</name>
         <value>0x8e8c</value>
         <object_component_ref idref="oc-2ac"/>
      </symbol>
      <symbol id="sm-1c4">
         <name>PingReply</name>
         <value>0x8cf6</value>
         <object_component_ref idref="oc-2b2"/>
      </symbol>
      <symbol id="sm-1c5">
         <name>SetupBasicIPPacket</name>
         <value>0x8930</value>
         <object_component_ref idref="oc-21c"/>
      </symbol>
      <symbol id="sm-1c6">
         <name>IPstackInit</name>
         <value>0x8a3a</value>
         <object_component_ref idref="oc-196"/>
      </symbol>
      <symbol id="sm-1c7">
         <name>add32</name>
         <value>0x90a2</value>
         <object_component_ref idref="oc-2b9"/>
      </symbol>
      <symbol id="sm-1c8">
         <name>ackTcp</name>
         <value>0x8472</value>
         <object_component_ref idref="oc-237"/>
      </symbol>
      <symbol id="sm-1c9">
         <name>GetPacket</name>
         <value>0x8dcc</value>
         <object_component_ref idref="oc-231"/>
      </symbol>
      <symbol id="sm-1ca">
         <name>deviceMAC</name>
         <value>0x95da</value>
         <object_component_ref idref="oc-1e3"/>
      </symbol>
      <symbol id="sm-1e4">
         <name>url</name>
         <value>0x212</value>
         <object_component_ref idref="oc-19c"/>
      </symbol>
      <symbol id="sm-1e5">
         <name>main</name>
         <value>0x94b6</value>
         <object_component_ref idref="oc-143"/>
      </symbol>
      <symbol id="sm-1e6">
         <name>data</name>
         <value>0x214</value>
         <object_component_ref idref="oc-19c"/>
      </symbol>
      <symbol id="sm-1e7">
         <name>reply</name>
         <value>0x200</value>
         <object_component_ref idref="oc-19f"/>
      </symbol>
      <symbol id="sm-209">
         <name>SPIWrite</name>
         <value>0x9200</value>
         <object_component_ref idref="oc-2c5"/>
      </symbol>
      <symbol id="sm-20a">
         <name>SPIRead</name>
         <value>0x9166</value>
         <object_component_ref idref="oc-2cd"/>
      </symbol>
      <symbol id="sm-20b">
         <name>initSPI</name>
         <value>0x93ea</value>
         <object_component_ref idref="oc-255"/>
      </symbol>
      <symbol id="sm-213">
         <name>_stack</name>
         <value>0x5b0</value>
         <object_component_ref idref="oc-ec"/>
      </symbol>
      <symbol id="sm-214">
         <name>_reset_vector</name>
         <value>0xfffe</value>
         <object_component_ref idref="oc-ef"/>
      </symbol>
      <symbol id="sm-21e">
         <name>_c_int00_noargs_noexit</name>
         <value>0x94d6</value>
         <object_component_ref idref="oc-67"/>
      </symbol>
      <symbol id="sm-23c">
         <name>__TI_decompress_lzss</name>
         <value>0x8fb8</value>
         <object_component_ref idref="oc-32"/>
      </symbol>
      <symbol id="sm-252">
         <name>__TI_decompress_none</name>
         <value>0x9540</value>
         <object_component_ref idref="oc-38"/>
      </symbol>
      <symbol id="sm-265">
         <name>__TI_zero_init</name>
         <value>0x9504</value>
         <object_component_ref idref="oc-49"/>
      </symbol>
      <symbol id="sm-26e">
         <name>__mspabi_func_epilog_2</name>
         <value>0x956e</value>
         <object_component_ref idref="oc-fa"/>
      </symbol>
      <symbol id="sm-26f">
         <name>__mspabi_func_epilog_3</name>
         <value>0x956c</value>
         <object_component_ref idref="oc-fa"/>
      </symbol>
      <symbol id="sm-270">
         <name>__mspabi_func_epilog_1</name>
         <value>0x9570</value>
         <object_component_ref idref="oc-fa"/>
      </symbol>
      <symbol id="sm-271">
         <name>__mspabi_func_epilog_6</name>
         <value>0x9566</value>
         <object_component_ref idref="oc-fa"/>
      </symbol>
      <symbol id="sm-272">
         <name>__mspabi_func_epilog_7</name>
         <value>0x9564</value>
         <object_component_ref idref="oc-fa"/>
      </symbol>
      <symbol id="sm-273">
         <name>__mspabi_func_epilog_4</name>
         <value>0x956a</value>
         <object_component_ref idref="oc-fa"/>
      </symbol>
      <symbol id="sm-274">
         <name>__mspabi_func_epilog_5</name>
         <value>0x9568</value>
         <object_component_ref idref="oc-fa"/>
      </symbol>
      <symbol id="sm-27e">
         <name>C$$EXIT</name>
         <value>0x958a</value>
         <object_component_ref idref="oc-14b"/>
      </symbol>
      <symbol id="sm-27f">
         <name>abort</name>
         <value>0x958a</value>
         <object_component_ref idref="oc-14b"/>
      </symbol>
      <symbol id="sm-283">
         <name>__TI_int02</name>
         <value>0xffe4</value>
         <object_component_ref idref="oc-3e"/>
      </symbol>
      <symbol id="sm-286">
         <name>__TI_int03</name>
         <value>0xffe6</value>
         <object_component_ref idref="oc-3f"/>
      </symbol>
      <symbol id="sm-289">
         <name>__TI_int05</name>
         <value>0xffea</value>
         <object_component_ref idref="oc-40"/>
      </symbol>
      <symbol id="sm-28c">
         <name>__TI_int06</name>
         <value>0xffec</value>
         <object_component_ref idref="oc-41"/>
      </symbol>
      <symbol id="sm-28f">
         <name>__TI_int07</name>
         <value>0xffee</value>
         <object_component_ref idref="oc-42"/>
      </symbol>
      <symbol id="sm-292">
         <name>__TI_int08</name>
         <value>0xfff0</value>
         <object_component_ref idref="oc-43"/>
      </symbol>
      <symbol id="sm-295">
         <name>__TI_int09</name>
         <value>0xfff2</value>
         <object_component_ref idref="oc-44"/>
      </symbol>
      <symbol id="sm-298">
         <name>__TI_int10</name>
         <value>0xfff4</value>
         <object_component_ref idref="oc-45"/>
      </symbol>
      <symbol id="sm-29b">
         <name>__TI_int12</name>
         <value>0xfff8</value>
         <object_component_ref idref="oc-46"/>
      </symbol>
      <symbol id="sm-29e">
         <name>__TI_int13</name>
         <value>0xfffa</value>
         <object_component_ref idref="oc-47"/>
      </symbol>
      <symbol id="sm-2a1">
         <name>__TI_int14</name>
         <value>0xfffc</value>
         <object_component_ref idref="oc-48"/>
      </symbol>
      <symbol id="sm-2a9">
         <name>__TI_ISR_TRAP</name>
         <value>0x9582</value>
         <object_component_ref idref="oc-117"/>
      </symbol>
      <symbol id="sm-2b1">
         <name>__mspabi_slli</name>
         <value>0x941c</value>
         <object_component_ref idref="oc-f0"/>
      </symbol>
      <symbol id="sm-2b2">
         <name>__mspabi_slli_9</name>
         <value>0x9434</value>
         <object_component_ref idref="oc-f0"/>
      </symbol>
      <symbol id="sm-2b3">
         <name>__mspabi_slli_8</name>
         <value>0x9436</value>
         <object_component_ref idref="oc-f0"/>
      </symbol>
      <symbol id="sm-2b4">
         <name>__mspabi_slli_7</name>
         <value>0x9438</value>
         <object_component_ref idref="oc-f0"/>
      </symbol>
      <symbol id="sm-2b5">
         <name>__mspabi_slli_6</name>
         <value>0x943a</value>
         <object_component_ref idref="oc-f0"/>
      </symbol>
      <symbol id="sm-2b6">
         <name>__mspabi_slli_5</name>
         <value>0x943c</value>
         <object_component_ref idref="oc-f0"/>
      </symbol>
      <symbol id="sm-2b7">
         <name>__mspabi_slli_4</name>
         <value>0x943e</value>
         <object_component_ref idref="oc-f0"/>
      </symbol>
      <symbol id="sm-2b8">
         <name>__mspabi_slli_3</name>
         <value>0x9440</value>
         <object_component_ref idref="oc-f0"/>
      </symbol>
      <symbol id="sm-2b9">
         <name>__mspabi_slli_2</name>
         <value>0x9442</value>
         <object_component_ref idref="oc-f0"/>
      </symbol>
      <symbol id="sm-2ba">
         <name>__mspabi_slli_1</name>
         <value>0x9444</value>
         <object_component_ref idref="oc-f0"/>
      </symbol>
      <symbol id="sm-2bb">
         <name>__mspabi_slli_15</name>
         <value>0x9428</value>
         <object_component_ref idref="oc-f0"/>
      </symbol>
      <symbol id="sm-2bc">
         <name>__mspabi_slli_14</name>
         <value>0x942a</value>
         <object_component_ref idref="oc-f0"/>
      </symbol>
      <symbol id="sm-2bd">
         <name>__mspabi_slli_13</name>
         <value>0x942c</value>
         <object_component_ref idref="oc-f0"/>
      </symbol>
      <symbol id="sm-2be">
         <name>__mspabi_slli_12</name>
         <value>0x942e</value>
         <object_component_ref idref="oc-f0"/>
      </symbol>
      <symbol id="sm-2bf">
         <name>__mspabi_slli_11</name>
         <value>0x9430</value>
         <object_component_ref idref="oc-f0"/>
      </symbol>
      <symbol id="sm-2c0">
         <name>__mspabi_slli_10</name>
         <value>0x9432</value>
         <object_component_ref idref="oc-f0"/>
      </symbol>
      <symbol id="sm-2c8">
         <name>__mspabi_srli_8</name>
         <value>0x91de</value>
         <object_component_ref idref="oc-f5"/>
      </symbol>
      <symbol id="sm-2c9">
         <name>__mspabi_srli_9</name>
         <value>0x91da</value>
         <object_component_ref idref="oc-f5"/>
      </symbol>
      <symbol id="sm-2ca">
         <name>__mspabi_srli_6</name>
         <value>0x91e6</value>
         <object_component_ref idref="oc-f5"/>
      </symbol>
      <symbol id="sm-2cb">
         <name>__mspabi_srli_7</name>
         <value>0x91e2</value>
         <object_component_ref idref="oc-f5"/>
      </symbol>
      <symbol id="sm-2cc">
         <name>__mspabi_srli_4</name>
         <value>0x91ee</value>
         <object_component_ref idref="oc-f5"/>
      </symbol>
      <symbol id="sm-2cd">
         <name>__mspabi_srli_5</name>
         <value>0x91ea</value>
         <object_component_ref idref="oc-f5"/>
      </symbol>
      <symbol id="sm-2ce">
         <name>__mspabi_srli_2</name>
         <value>0x91f6</value>
         <object_component_ref idref="oc-f5"/>
      </symbol>
      <symbol id="sm-2cf">
         <name>__mspabi_srli_3</name>
         <value>0x91f2</value>
         <object_component_ref idref="oc-f5"/>
      </symbol>
      <symbol id="sm-2d0">
         <name>__mspabi_srli_1</name>
         <value>0x91fa</value>
         <object_component_ref idref="oc-f5"/>
      </symbol>
      <symbol id="sm-2d1">
         <name>__mspabi_srli</name>
         <value>0x91b4</value>
         <object_component_ref idref="oc-f5"/>
      </symbol>
      <symbol id="sm-2d2">
         <name>__mspabi_srli_15</name>
         <value>0x91c2</value>
         <object_component_ref idref="oc-f5"/>
      </symbol>
      <symbol id="sm-2d3">
         <name>__mspabi_srli_14</name>
         <value>0x91c6</value>
         <object_component_ref idref="oc-f5"/>
      </symbol>
      <symbol id="sm-2d4">
         <name>__mspabi_srli_13</name>
         <value>0x91ca</value>
         <object_component_ref idref="oc-f5"/>
      </symbol>
      <symbol id="sm-2d5">
         <name>__mspabi_srli_12</name>
         <value>0x91ce</value>
         <object_component_ref idref="oc-f5"/>
      </symbol>
      <symbol id="sm-2d6">
         <name>__mspabi_srli_11</name>
         <value>0x91d2</value>
         <object_component_ref idref="oc-f5"/>
      </symbol>
      <symbol id="sm-2d7">
         <name>__mspabi_srli_10</name>
         <value>0x91d6</value>
         <object_component_ref idref="oc-f5"/>
      </symbol>
      <symbol id="sm-2e6">
         <name>memcmp</name>
         <value>0x9494</value>
         <object_component_ref idref="oc-1fb"/>
      </symbol>
      <symbol id="sm-2f4">
         <name>memcpy</name>
         <value>0x9552</value>
         <object_component_ref idref="oc-10a"/>
      </symbol>
      <symbol id="sm-302">
         <name>memset</name>
         <value>0x9518</value>
         <object_component_ref idref="oc-213"/>
      </symbol>
      <symbol id="sm-30c">
         <name>_system_pre_init</name>
         <value>0x9590</value>
         <object_component_ref idref="oc-123"/>
      </symbol>
      <symbol id="sm-319">
         <name>strlen</name>
         <value>0x9574</value>
         <object_component_ref idref="oc-23d"/>
      </symbol>
      <symbol id="sm-337">
         <name>_auto_init</name>
         <value>0x9034</value>
         <object_component_ref idref="oc-129"/>
      </symbol>
      <symbol id="sm-34d">
         <name>copy_in</name>
         <value>0x910c</value>
         <object_component_ref idref="oc-174"/>
      </symbol>
      <symbol id="sm-357">
         <name>__mspabi_mpyi_sw</name>
         <value>0x952c</value>
         <object_component_ref idref="oc-1b4"/>
      </symbol>
      <symbol id="sm-358">
         <name>__mspabi_mpyi</name>
         <value>0x952c</value>
         <object_component_ref idref="oc-1b4"/>
      </symbol>
      <symbol id="sm-361">
         <name>_system_post_cinit</name>
         <value>0x9594</value>
         <object_component_ref idref="oc-17a"/>
      </symbol>
      <symbol id="sm-364">
         <name>__TI_BINIT_Base</name>
         <value>0x0</value>
      </symbol>
      <symbol id="sm-365">
         <name>__TI_BINIT_Limit</name>
         <value>0x0</value>
      </symbol>
      <symbol id="sm-366">
         <name>__TI_INITARRAY_Base</name>
         <value>0x0</value>
      </symbol>
      <symbol id="sm-367">
         <name>__TI_INITARRAY_Limit</name>
         <value>0x0</value>
      </symbol>
   </symbol_table>
   <title>Link successful</title>
</link_info>
